NUC980 IBR 20180813
Boot from SPI-NAND
DDR-OK
finish SPI dowîload

 SPL load main U-Boot from SPI NAND Flash! (Nov 09 2020 09:24:41)


U-Boot 2016.11 (Nov 09 2020 - 09:24:41 +0100)

CPU: NUC980
Board: NUC980
DRAM:  64 MiB
NAND:  NAND Flash not found !
NUC980 NAND CONTROLLER IS NOT SUPPORT THE PAGE SIZE. (0, 0)
0 MiB
SF: Detected W25N01GV with page size 2 KiB, erase size 128 KiB, total 128 MiB
In:    serial
Out:   serial
Err:   serial
Net:   Net Initialization Skipped
No ethernet found.
Hit any key to stop autoboot:  1  0 
SF: Detected W25N01GV with page size 2 KiB, erase size 128 KiB, total 128 MiB
device 0 offset 0x200000, size 0x1400000
SF: 20971520 bytes @ 0x200000 Read: OK
## Booting kernel from Legacy Image at 00007fc0 ...
   Image Name:   Linux-4.4.207
   Image Type:   ARM Linux Kernel Image (uncompressed)
   Data Size:    17583272 Bytes = 16.8 MiB
   Load Address: 00008000
   Entry Point:  00008000
   Verifying Checksum ... OK
   XIP Kernel Image ... OK

Starting kernel ...

SF: Detected W25N01GV with page size 2 KiB, erase size 128 KiB, total 128 MiB
SF: DeviceBooting Linux on physical CPU 0x0
Linux version 4.4.207 (pjeutr@ubu) (gcc version 4.8.5 (Buildroot 2016.11.1-gbcd00a7-dirty) ) #2 PREEMPT Mon Nov 9 09:32:03 CET 2020
CPU: ARM926EJ-S [41069265] revision 5 (ARMv5TEJ), cr=0005317f
CPU: VIVT data cache, VIVT instruction cache
Machine: NUC980
Memory policy: Data cache writeback
Built 1 zonelists in Zone order, mobility grouping on.  Total pages: 16256
Kernel command line: root=/dev/ram0 console=ttyS0,115200n8 rdinit=/sbin/init mem=64M
PID hash table entries: 256 (order: -2, 1024 bytes)
Dentry cache hash table entries: 8192 (order: 3, 32768 bytes)
Inode-cache hash table entries: 4096 (order: 2, 16384 bytes)
Memory: 44660K/65536K available (3734K kernel code, 277K rwdata, 1212K rodata, 14780K init, 216K bss, 20876K reserved, 0K cma-reserved)
Virtual kernel memory layout:
    vector  : 0xffff0000 - 0xffff1000   (   4 kB)
    fixmap  : 0xffc00000 - 0xfff00000   (3072 kB)
    vmalloc : 0xc4800000 - 0xff800000   ( 944 MB)
    lowmem  : 0xc0000000 - 0xc4000000   (  64 MB)
    modules : 0xbf000000 - 0xc0000000   (  16 MB)
      .text : 0xc0008000 - 0xc04dce24   (4948 kB)
      .init : 0xc04dd000 - 0xc134c000   (14780 kB)
      .data : 0xc134c000 - 0xc13915a0   ( 278 kB)
       .bss : 0xc13915a0 - 0xc13c77d0   ( 217 kB)
SLUB: HWalign=32, Order=0-3, MinObjects=0, CPUs=1, Nodes=1
Preemptible hierarchical RCU implementation.
	Build-time adjustment of leaf fanout to 32.
NR_IRQS:545
clocksource: nuc980-timer5: mask: 0xffffff max_cycles: 0xffffff, max_idle_ns: 62215505635 ns
sched_clock: 24 bits at 120kHz, resolution 8333ns, wraps every 69905062489ns
Console: colour dummy device 80x30
console [ttyS0] enabled
Calibrating delay loop... 148.88 BogoMIPS (lpj=744448)
pid_max: default: 32768 minimum: 301
Mount-cache hash table entries: 1024 (order: 0, 4096 bytes)
Mountpoint-cache hash table entries: 1024 (order: 0, 4096 bytes)
CPU: Testing write buffer coherency: ok
Setting up static identity map for 0x8400 - 0x843c
devtmpfs: initialized
clocksource: jiffies: mask: 0xffffffff max_cycles: 0xffffffff, max_idle_ns: 19112604462750000 ns
futex hash table entries: 256 (order: -1, 3072 bytes)
pinctrl core: initialized pinctrl subsystem
NET: Registered protocol family 16
DMA: preallocated 256 KiB pool for atomic coherent allocations
SCSI subsystem initialized
usbcore: registered new interface driver usbfs
usbcore: registered new interface driver hub
usbcore: registered new device driver usb
Advanced Linux Sound Architecture Driver Initialized.
clocksource: Switched to clocksource nuc980-timer5
NET: Registered protocol family 2
TCP established hash table entries: 1024 (order: 0, 4096 bytes)
TCP bind hash table entries: 1024 (order: 0, 4096 bytes)
TCP: Hash tables configured (established 1024 bind 1024)
UDP hash table entries: 256 (order: 0, 4096 bytes)
UDP-Lite hash table entries: 256 (order: 0, 4096 bytes)
NET: Registered protocol family 1
NetWinder Floating Point Emulator V0.97 (double precision)
Block layer SCSI generic (bsg) driver version 0.4 loaded (major 253)
io scheduler noop registered (default)
nuc980_gpio_probe - pdev = nuc980-gpio
nuc980_dma_probe - pdev = nuc980-dma
nuc980-dma nuc980-dma: NUC980 DMA ready
nuc980-uart.0: ttyS0 at I/O 0x0 (irq = 36, base_baud = 750000) is a NUC980
nuc980-uart.1: ttyS1 at I/O 0x0 (irq = 37, base_baud = 9375000) is a NUC980
nuvoton-rng nuvoton-rng: nuvoton PRNG active
brd: module loaded
RX nuc980_qspi0_probe: dma0chan0 module removed
TX nuc980_qspi0_probe: dma0chan1 module removed
RX nuc980_spi0_probe: dma0chan2 module removed
TX nuc980_spi0_probe: dma0chan3 module removed
m25p80 spi1.1: unrecognized JEDEC id bytes: ff, ff, ff
m25p80: probe of spi1.1 failed with error -2
libphy: nuc980_rmii0: probed
PPP generic driver version 2.4.2
PPP BSD Compression module registered
PPP Deflate Compression module registered
PPP MPPE Compression module registered
NET: Registered protocol family 24
usbcore: registered new interface driver qmi_wwan
ehci_hcd: USB 2.0 'Enhanced' Host Controller (EHCI) Driver
nuc980-ehci nuc980-ehci: Nuvoton NUC980 EHCI Host Controller
nuc980-ehci nuc980-ehci: new USB bus registered, assigned bus number 1
nuc980-ehci nuc980-ehci: irq 23, io mem 0xb0015000
nuc980-ehci nuc980-ehci: USB 2.0 started, EHCI 0.95
hub 1-0:1.0: USB hub found
hub 1-0:1.0: 2 ports detected
ohci_hcd: USB 1.1 'Open' Host Controller (OHCI) Driver
usb_hcd_nuc980_probe, id = 0, name: nuc980-ohci.0, 0
nuc980-ohci nuc980-ohci.0: Nuvoton NUC980 OHCI Host Controller
nuc980-ohci nuc980-ohci.0: new USB bus registered, assigned bus number 2
nuc980-ohci nuc980-ohci.0: irq 24, io mem 0xb0017000
hub 2-0:1.0: USB hub found
hub 2-0:1.0: 8 ports detected
usb_hcd_nuc980_probe, id = 1, name: nuc980-ohci.1, 0
usb_hcd_nuc980_probe, id = 2, name: nuc980-ohci.2, 0
usb_hcd_nuc980_probe, id = 3, name: nuc980-ohci.3, 0
usb_hcd_nuc980_probe, id = 4, name: nuc980-ohci.4, 0
usb_hcd_nuc980_probe, id = 5, name: nuc980-ohci.5, 0
usb_hcd_nuc980_probe, id = 6, name: nuc980-ohci.6, 0
usbcore: registered new interface driver cdc_wdm
usbcore: registered new interface driver usb-storage
usbcore: registered new interface driver usbserial
usbcore: registered new interface driver option
usbserial: USB Serial support registered for GSM modem (1-port)
nuc980-i2c0 nuc980-i2c0: i2c-0: nuc980 I2C adapter
nuc980-i2c2 nuc980-i2c2: i2c-2: nuc980 I2C adapter
nuc980_sd_probe - pdev = nuc980-sdh
swapper: page allocation failure: order:5, mode:0x24000c0
CPU: 0 PID: 1 Comm: swapper Not tainted 4.4.207 #2
Hardware name: NUC980
Backtrace: 
[<c0012ec0>] (dump_backtrace) from [<c00130ac>] (show_stack+0x18/0x1c)
 r6:00000001 r5:00000005 r4:024000c0 r3:00000000
[<c0013094>] (show_stack) from [<c017e298>] (dump_stack+0x20/0x28)
[<c017e278>] (dump_stack) from [<c007d520>] (warn_alloc_failed+0xdc/0x128)
[<c007d448>] (warn_alloc_failed) from [<c00800f8>] (__alloc_pages_nodemask+0x740/0x8dc)
 r3:c3840000 r2:00000000
 r6:c3840000 r5:024000c0 r4:00000000
[<c007f9b8>] (__alloc_pages_nodemask) from [<c0016304>] (__dma_alloc_buffer+0x34/0xc8)
 r10:00000000 r9:00000000 r8:c3ed3a7c r7:024000c0 r6:00020000 r5:00000005
 r4:ffffffff
[<c00162d0>] (__dma_alloc_buffer) from [<c0016458>] (__dma_alloc+0xc0/0x238)
 r7:024000c0 r6:c1352ac0 r5:00000001 r4:ffffffff
[<c0016398>] (__dma_alloc) from [<c0016664>] (arm_dma_alloc+0x50/0x5c)
 r10:c3f5d800 r9:c3f5d860 r8:c3f5d820 r7:c1352bb0 r6:c1352ab0 r5:00000243
 r4:00000000
[<c0016614>] (arm_dma_alloc) from [<c028c7d0>] (nuc980_sd_probe+0x238/0x564)
 r5:c1352ac0 r4:c3ed3800
[<c028c598>] (nuc980_sd_probe) from [<c01df018>] (platform_drv_probe+0x28/0x60)
 r10:00000076 r9:00000000 r8:00000000 r7:c13879f8 r6:00000000 r5:c13879f8
 r4:c1352ac0
[<c01deff0>] (platform_drv_probe) from [<c01dd688>] (really_probe+0x1ac/0x26c)
 r5:c13bfcf0 r4:c1352ac0
[<c01dd4dc>] (really_probe) from [<c01dd7e8>] (__driver_attach+0xa0/0xa4)
 r8:c04f1c64 r7:00000000 r6:c1352af4 r5:c13879f8 r4:c1352ac0 r3:00000007
[<c01dd748>] (__driver_attach) from [<c01dbab4>] (bus_for_each_dev+0x6c/0x9c)
 r6:c13879f8 r5:c01dd748 r4:00000000 r3:00000000
[<c01dba48>] (bus_for_each_dev) from [<c01dd1ac>] (driver_attach+0x20/0x28)
 r6:c137d350 r5:c3e61ea0 r4:c13879f8
[<c01dd18c>] (driver_attach) from [<c01dce2c>] (bus_add_driver+0x188/0x210)
[<c01dcca4>] (bus_add_driver) from [<c01ddedc>] (driver_register+0x80/0x100)
 r7:c04fb82c r6:c3f5d720 r5:c134fa60 r4:c13879f8
[<c01dde5c>] (driver_register) from [<c01defdc>] (__platform_driver_register+0x38/0x4c)
 r5:c134fa60 r4:c134fa60
[<c01defa4>] (__platform_driver_register) from [<c04f1c7c>] (nuc980_sd_driver_init+0x18/0x20)
[<c04f1c64>] (nuc980_sd_driver_init) from [<c00095b8>] (do_one_initcall+0x88/0x1ec)
[<c0009530>] (do_one_initcall) from [<c04dde18>] (kernel_init_freeable+0x108/0x1cc)
 r10:00000076 r9:c04fb838 r8:c0501514 r7:c04fb82c r6:c13915a0 r5:c13915a0
 r4:00000006
[<c04ddd10>] (kernel_init_freeable) from [<c03a7cd0>] (kernel_init+0x10/0xf4)
 r10:00000000 r9:00000000 r8:00000000 r7:00000000 r6:00000000 r5:c03a7cc0
 r4:00000000
[<c03a7cc0>] (kernel_init) from [<c000fdf8>] (ret_from_fork+0x14/0x3c)
 r4:00000000 r3:ffffffff
Mem-Info:
active_anon:0 inactive_anon:0 isolated_anon:0
 active_file:0 inactive_file:0 isolated_file:0
 unevictable:9970 dirty:0 writeback:0 unstable:0
 slab_reclaimable:142 slab_unreclaimable:550
 mapped:0 shmem:0 pagetables:1 bounce:0
 free:335 free_pcp:0 free_cma:0
Normal free:1340kB min:844kB low:1052kB high:1264kB active_anon:0kB inactive_anon:0kB active_file:0kB inactive_file:0kB unevictable:39880kB isolated(anon):0kB isolated(file):0kB present:65536kB managed:44660kB mlocked:0kB dirty:0kB writeback:0kB mapped:0kB shmem:0kB slab_reclaimable:568kB slab_unreclaimable:2200kB kernel_stack:288kB pagetables:4kB unstable:0kB bounce:0kB free_pcp:0kB local_pcp:0kB free_cma:0kB writeback_tmp:0kB pages_scanned:0 all_unreclaimable? yes
lowmem_reserve[]: 0 0
Normal: 3*4kB (UME) 6*8kB (UME) 2*16kB (UE) 1*32kB (U) 19*64kB (UME) 0*128kB 0*256kB 0*512kB 0*1024kB 0*2048kB 0*4096kB = 1340kB
9970 total pagecache pages
16384 pages RAM
0 pages HighMem/MovableOnly
5219 pages reserved
nuc980-sdh nuc980-sdh: Can't allocate transmit buffer
nuc980-sdh nuc980-sdh: probe failed, err -12
nuc980-sdh: probe of nuc980-sdh failed with error -12
do_sha - sha last has no data!
alg: hash: Test 1 failed for nuc980-sha1
00000000: 00 00 00 00 00 00 00 00 00 00 00 00 00 00 00 00
00000010: 00 00 00 00
do_sha - sha last has no data!
alg: hash: Test 1 failed for nuc980-sha224
00000000: 00 00 00 00 00 00 00 00 00 00 00 00 00 00 00 00
00000010: 00 00 00 00 00 00 00 00 00 00 00 00
do_sha - sha last has no data!
alg: hash: Test 1 failed for nuc980-sha256
00000000: 00 00 00 00 00 00 00 00 00 00 00 00 00 00 00 00
00000010: 00 00 00 00 00 00 00 00 00 00 00 00 00 00 00 00
do_sha - sha last has no data!
alg: hash: Test 1 failed for nuc980-sha384
00000000: 00 00 00 00 00 00 00 00 00 00 00 00 00 00 00 00
00000010: 00 00 00 00 00 00 00 00 00 00 00 00 00 00 00 00
00000020: 00 00 00 00 00 00 00 00 00 00 00 00 00 00 00 00
do_sha - sha last has no data!
alg: hash: Test 1 failed for nuc980-sha512
00000000: 00 00 00 00 00 00 00 00 00 00 00 00 00 00 00 00
00000010: 00 00 00 00 00 00 00 00 00 00 00 00 00 00 00 00
00000020: 00 00 00 00 00 00 00 00 00 00 00 00 00 00 00 00
00000030: 00 00 00 00 00 00 00 00 00 00 00 00 00 00 00 00
alg: No test for hmac-sha1 (nuc980-hmac-sha1)
alg: No test for hmac-sha224 (nuc980-hmac-sha224)
alg: No test for hmac-sha256 (nuc980-hmac-sha256)
alg: No test for hmac-sha384 (nuc980-hmac-sha384)
alg: No test for hmac-sha512 (nuc980-hmac-sha512)
NUC980 Crypto engine enabled.
usbcore: registered new interface driver usbhid
usbhid: USB HID core driver
swapper: page allocation failure: order:9, mode:0x240c0c0
CPU: 0 PID: 1 Comm: swapper Not tainted 4.4.207 #2
Hardware name: NUC980
Backtrace: 
[<c0012ec0>] (dump_backtrace) from [<c00130ac>] (show_stack+0x18/0x1c)
 r6:00000001 r5:00000009 r4:0240c0c0 r3:00000000
[<c0013094>] (show_stack) from [<c017e298>] (dump_stack+0x20/0x28)
[<c017e278>] (dump_stack) from [<c007d520>] (warn_alloc_failed+0xdc/0x128)
[<c007d448>] (warn_alloc_failed) from [<c00800f8>] (__alloc_pages_nodemask+0x740/0x8dc)
 r3:c383c000 r2:00000000
 r6:c3840000 r5:0240c0c0 r4:00000000
[<c007f9b8>] (__alloc_pages_nodemask) from [<c00804bc>] (alloc_kmem_pages+0x18/0x20)
 r10:00000076 r9:00000000 r8:c02a379c r7:024080c0 r6:c3ed7000 r5:c3ed7000
 r4:c3f5d6f0
[<c00804a4>] (alloc_kmem_pages) from [<c0093fa4>] (kmalloc_order+0x18/0x4c)
[<c0093f8c>] (kmalloc_order) from [<c00b0b08>] (__kmalloc_track_caller+0x124/0x180)
[<c00b09e4>] (__kmalloc_track_caller) from [<c01e08cc>] (devm_kmalloc+0x20/0x64)
 r9:00000000 r8:c3edbed0 r7:c3841d8f r6:c3ed7000 r5:c3ed7000 r4:c3f5d6f0
[<c01e08ac>] (devm_kmalloc) from [<c02a379c>] (spinand_probe+0x114/0x340)
 r6:00000000 r5:c3ed7000 r4:c3f5d6f0 r3:00000000
[<c02a3688>] (spinand_probe) from [<c02137c4>] (spi_drv_probe+0x30/0x34)
 r10:00000076 r9:00000000 r8:00000000 r7:c138a7b8 r6:00000000 r5:c13bfcf0
 r4:c3ed7000
[<c0213794>] (spi_drv_probe) from [<c01dd688>] (really_probe+0x1ac/0x26c)
[<c01dd4dc>] (really_probe) from [<c01dd7e8>] (__driver_attach+0xa0/0xa4)
 r8:c04f2004 r7:00000000 r6:c3ed7034 r5:c138a7b8 r4:c3ed7000 r3:00000007
[<c01dd748>] (__driver_attach) from [<c01dbab4>] (bus_for_each_dev+0x6c/0x9c)
 r6:c138a7b8 r5:c01dd748 r4:00000000 r3:00000000
[<c01dba48>] (bus_for_each_dev) from [<c01dd1ac>] (driver_attach+0x20/0x28)
 r6:c1382288 r5:c3e33600 r4:c138a7b8
[<c01dd18c>] (driver_attach) from [<c01dce2c>] (bus_add_driver+0x188/0x210)
[<c01dcca4>] (bus_add_driver) from [<c01ddedc>] (driver_register+0x80/0x100)
 r7:c04fb82c r6:c3f5d900 r5:c134fa60 r4:c138a7b8
[<c01dde5c>] (driver_register) from [<c0215474>] (__spi_register_driver+0x50/0x64)
 r5:c134fa60 r4:c134fa60
[<c0215424>] (__spi_register_driver) from [<c04f201c>] (spinand_driver_init+0x18/0x20)
[<c04f2004>] (spinand_driver_init) from [<c00095b8>] (do_one_initcall+0x88/0x1ec)
[<c0009530>] (do_one_initcall) from [<c04dde18>] (kernel_init_freeable+0x108/0x1cc)
 r10:00000076 r9:c04fb838 r8:c0501558 r7:c04fb82c r6:c13915a0 r5:c13915a0
 r4:00000006
[<c04ddd10>] (kernel_init_freeable) from [<c03a7cd0>] (kernel_init+0x10/0xf4)
 r10:00000000 r9:00000000 r8:00000000 r7:00000000 r6:00000000 r5:c03a7cc0
 r4:00000000
[<c03a7cc0>] (kernel_init) from [<c000fdf8>] (ret_from_fork+0x14/0x3c)
 r4:00000000 r3:ffffffff
Mem-Info:
active_anon:0 inactive_anon:0 isolated_anon:0
 active_file:0 inactive_file:0 isolated_file:0
 unevictable:9970 dirty:0 writeback:0 unstable:0
 slab_reclaimable:144 slab_unreclaimable:556
 mapped:0 shmem:0 pagetables:1 bounce:0
 free:324 free_pcp:0 free_cma:0
Normal free:1296kB min:844kB low:1052kB high:1264kB active_anon:0kB inactive_anon:0kB active_file:0kB inactive_file:0kB unevictable:39880kB isolated(anon):0kB isolated(file):0kB present:65536kB managed:44660kB mlocked:0kB dirty:0kB writeback:0kB mapped:0kB shmem:0kB slab_reclaimable:576kB slab_unreclaimable:2224kB kernel_stack:288kB pagetables:4kB unstable:0kB bounce:0kB free_pcp:0kB local_pcp:0kB free_cma:0kB writeback_tmp:0kB pages_scanned:0 all_unreclaimable? yes
lowmem_reserve[]: 0 0
Normal: 2*4kB (ME) 5*8kB (UM) 2*16kB (UE) 2*32kB (U) 18*64kB (UME) 0*128kB 0*256kB 0*512kB 0*1024kB 0*2048kB 0*4096kB = 1296kB
9970 total pagecache pages
16384 pages RAM
0 pages HighMem/MovableOnly
5219 pages reserved
mt29f: probe of spi0.0 failed with error -12
nuc980-nadc: nuc980 Normal ADC adapter
nuc980-audio nuc980-audio: nau8822-hifi <-> nuc980-audio-i2s mapping ok
NET: Registered protocol family 17
lib80211: common routines for IEEE802.11 drivers
swapper invoked oom-killer: gfp_mask=0x26000d0, order=0, oom_score_adj=0
CPU: 0 PID: 1 Comm: swapper Not tainted 4.4.207 #2
Hardware name: NUC980
Backtrace: 
[<c0012ec0>] (dump_backtrace) from [<c00130ac>] (show_stack+0x18/0x1c)
 r6:c134fd78 r5:00002b9d r4:00000000 r3:00000000
[<c0013094>] (show_stack) from [<c017e298>] (dump_stack+0x20/0x28)
[<c017e278>] (dump_stack) from [<c00b2530>] (dump_header+0x4c/0x190)
[<c00b24e4>] (dump_header) from [<c007bf04>] (out_of_memory+0x2e4/0x31c)
 r10:c390eab4 r9:00000000 r8:c134fc38 r7:00000000 r6:c134fd78 r5:00002b9d
 r4:c3841c9c
[<c007bc20>] (out_of_memory) from [<c0080190>] (__alloc_pages_nodemask+0x7d8/0x8dc)
 r10:00000000 r9:00000000 r8:026000d0 r7:00000000 r6:c3840000 r5:026000d0
 r4:00000000
[<c007f9b8>] (__alloc_pages_nodemask) from [<c00ad668>] (new_slab+0x31c/0x360)
 r10:00000000 r9:00400000 r8:024000c0 r7:00000000 r6:0000000e r5:024000d0
 r4:c3801400
[<c00ad34c>] (new_slab) from [<c00ae734>] (___slab_alloc.constprop.9+0x21c/0x2e4)
 r10:c3801400 r9:c00cdda4 r8:024000c0 r7:c3f6ea28 r6:00000000 r5:00000000
 r4:00000000 r3:024000c0
[<c00ae518>] (___slab_alloc.constprop.9) from [<c00af52c>] (kmem_cache_alloc+0x118/0x14c)
 r10:00000076 r9:c00cdda4 r8:024000c0 r7:000005cc r6:00000000 r5:60000013
 r4:c3801400
[<c00af414>] (kmem_cache_alloc) from [<c00cdda4>] (alloc_inode+0x5c/0xa8)
 r9:00000000 r8:c04f2044 r7:c380ee64 r6:c03b65b4 r5:c3860c00 r4:c3dbf110
[<c00cdd48>] (alloc_inode) from [<c00d01dc>] (new_inode_pseudo+0x14/0x7c)
 r5:00008124 r4:c3dbf110
[<c00d01c8>] (new_inode_pseudo) from [<c00d0258>] (new_inode+0x14/0x28)
[<c00d0244>] (new_inode) from [<c0126be4>] (debugfs_get_inode+0x14/0x60)
 r4:c3dbf110 r3:c380ee64
[<c0126bd0>] (debugfs_get_inode) from [<c0126d34>] (debugfs_create_file+0x48/0xa4)
 r4:c3dbf110
[<c0126cec>] (debugfs_create_file) from [<c0127dd0>] (debugfs_create_mode+0x48/0x50)
 r7:c04fb830 r6:c03f5688 r5:c13c4128 r4:c03b6548
[<c0127d88>] (debugfs_create_mode) from [<c0127e70>] (debugfs_create_u32+0x2c/0x38)
[<c0127e44>] (debugfs_create_u32) from [<c02a582c>] (clk_debug_create_one+0xe8/0x164)
 r4:c380ee00
[<c02a5744>] (clk_debug_create_one) from [<c04f2128>] (clk_debug_init+0xe4/0x134)
 r5:c13c4128 r4:c380ee00
[<c04f2044>] (clk_debug_init) from [<c00095b8>] (do_one_initcall+0x88/0x1ec)
 r6:c3e763c0 r5:c134fa60 r4:c134fa60
[<c0009530>] (do_one_initcall) from [<c04dde18>] (kernel_init_freeable+0x108/0x1cc)
 r10:00000076 r9:c04fb838 r8:c05015c8 r7:c04fb830 r6:c13915a0 r5:c13915a0
 r4:00000007
[<c04ddd10>] (kernel_init_freeable) from [<c03a7cd0>] (kernel_init+0x10/0xf4)
 r10:00000000 r9:00000000 r8:00000000 r7:00000000 r6:00000000 r5:c03a7cc0
 r4:00000000
[<c03a7cc0>] (kernel_init) from [<c000fdf8>] (ret_from_fork+0x14/0x3c)
 r4:00000000 r3:ffffffff
Mem-Info:
active_anon:0 inactive_anon:0 isolated_anon:0
 active_file:0 inactive_file:0 isolated_file:0
 unevictable:9970 dirty:0 writeback:0 unstable:0
 slab_reclaimable:215 slab_unreclaimable:574
 mapped:0 shmem:0 pagetables:1 bounce:0
 free:229 free_pcp:0 free_cma:0
Normal free:916kB min:844kB low:1052kB high:1264kB active_anon:0kB inactive_anon:0kB active_file:0kB inactive_file:0kB unevictable:39880kB isolated(anon):0kB isolated(file):0kB present:65536kB managed:44660kB mlocked:0kB dirty:0kB writeback:0kB mapped:0kB shmem:0kB slab_reclaimable:860kB slab_unreclaimable:2296kB kernel_stack:304kB pagetables:4kB unstable:0kB bounce:0kB free_pcp:0kB local_pcp:0kB free_cma:0kB writeback_tmp:0kB pages_scanned:0 all_unreclaimable? yes
lowmem_reserve[]: 0 0
Normal: 1*4kB (M) 2*8kB (UM) 4*16kB (U) 0*32kB 13*64kB (ME) 0*128kB 0*256kB 0*512kB 0*1024kB 0*2048kB 0*4096kB = 916kB
9970 total pagecache pages
16384 pages RAM
0 pages HighMem/MovableOnly
5219 pages reserved
[ pid ]   uid  tgid total_vm      rss nr_ptes nr_pmds swapents oom_score_adj name
Kernel panic - not syncing: Out of memory and no killable processes...

CPU: 0 PID: 1 Comm: swapper Not tainted 4.4.207 #2
Hardware name: NUC980
Backtrace: 
[<c0012ec0>] (dump_backtrace) from [<c00130ac>] (show_stack+0x18/0x1c)
 r6:c134fd78 r5:00002b9d r4:c0476b64 r3:00000000
[<c0013094>] (show_stack) from [<c017e298>] (dump_stack+0x20/0x28)
[<c017e278>] (dump_stack) from [<c0075f28>] (panic+0xb0/0x240)
[<c0075e7c>] (panic) from [<c007bf0c>] (out_of_memory+0x2ec/0x31c)
 r3:c134fd78 r2:c3841b88 r1:c3841af0 r0:c0476b64
 r7:00000000
[<c007bc20>] (out_of_memory) from [<c0080190>] (__alloc_pages_nodemask+0x7d8/0x8dc)
 r10:00000000 r9:00000000 r8:026000d0 r7:00000000 r6:c3840000 r5:026000d0
 r4:00000000
[<c007f9b8>] (__alloc_pages_nodemask) from [<c00ad668>] (new_slab+0x31c/0x360)
 r10:00000000 r9:00400000 r8:024000c0 r7:00000000 r6:0000000e r5:024000d0
 r4:c3801400
[<c00ad34c>] (new_slab) from [<c00ae734>] (___slab_alloc.constprop.9+0x21c/0x2e4)
 r10:c3801400 r9:c00cdda4 r8:024000c0 r7:c3f6ea28 r6:00000000 r5:00000000
 r4:00000000 r3:024000c0
[<c00ae518>] (___slab_alloc.constprop.9) from [<c00af52c>] (kmem_cache_alloc+0x118/0x14c)
 r10:00000076 r9:c00cdda4 r8:024000c0 r7:000005cc r6:00000000 r5:60000013
 r4:c3801400
[<c00af414>] (kmem_cache_alloc) from [<c00cdda4>] (alloc_inode+0x5c/0xa8)
 r9:00000000 r8:c04f2044 r7:c380ee64 r6:c03b65b4 r5:c3860c00 r4:c3dbf110
[<c00cdd48>] (alloc_inode) from [<c00d01dc>] (new_inode_pseudo+0x14/0x7c)
 r5:00008124 r4:c3dbf110
[<c00d01c8>] (new_inode_pseudo) from [<c00d0258>] (new_inode+0x14/0x28)
[<c00d0244>] (new_inode) from [<c0126be4>] (debugfs_get_inode+0x14/0x60)
 r4:c3dbf110 r3:c380ee64
[<c0126bd0>] (debugfs_get_inode) from [<c0126d34>] (debugfs_create_file+0x48/0xa4)
 r4:c3dbf110
[<c0126cec>] (debugfs_create_file) from [<c0127dd0>] (debugfs_create_mode+0x48/0x50)
 r7:c04fb830 r6:c03f5688 r5:c13c4128 r4:c03b6548
[<c0127d88>] (debugfs_create_mode) from [<c0127e70>] (debugfs_create_u32+0x2c/0x38)
[<c0127e44>] (debugfs_create_u32) from [<c02a582c>] (clk_debug_create_one+0xe8/0x164)
 r4:c380ee00
[<c02a5744>] (clk_debug_create_one) from [<c04f2128>] (clk_debug_init+0xe4/0x134)
 r5:c13c4128 r4:c380ee00
[<c04f2044>] (clk_debug_init) from [<c00095b8>] (do_one_initcall+0x88/0x1ec)
 r6:c3e763c0 r5:c134fa60 r4:c134fa60
[<c0009530>] (do_one_initcall) from [<c04dde18>] (kernel_init_freeable+0x108/0x1cc)
 r10:00000076 r9:c04fb838 r8:c05015c8 r7:c04fb830 r6:c13915a0 r5:c13915a0
 r4:00000007
[<c04ddd10>] (kernel_init_freeable) from [<c03a7cd0>] (kernel_init+0x10/0xf4)
 r10:00000000 r9:00000000 r8:00000000 r7:00000000 r6:00000000 r5:c03a7cc0
 r4:00000000
[<c03a7cc0>] (kernel_init) from [<c000fdf8>] (ret_from_fork+0x14/0x3c)
 r4:00000000 r3:ffffffff
---[ end Kernel panic - not syncing: Out of memory and no killable processes...

